// Jest Snapshot v1, https://goo.gl/fbAQLP

exports[`Countries Component should match the snapshot 1`] = `
<div
  className="countries-component _padding -grow"
>
  <ReactTitle
    title="Countries | University List App"
  />
  <Error
    content="countries"
    onClick={[Function]}
  />
</div>
`;
