// Jest Snapshot v1, https://goo.gl/fbAQLP

exports[`Newsletter Component should match the snapshot 1`] = `
<div
  className="newsletter-component _padding"
>
  <NotificationContainer
    enterTimeout={400}
    leaveTimeout={400}
  />
  <p
    className="title"
  >
    Don't miss an update!
  </p>
  <p
    className="content"
  >
    Join our newsletter.
  </p>
  <div
    className="form-item"
  >
    <DebounceInput
      debounceTimeout={200}
      element="input"
      forceNotifyByEnter={true}
      forceNotifyOnBlur={true}
      inputRef={
        Object {
          "current": null,
        }
      }
      minLength={0}
      onChange={[Function]}
      placeholder="Email Address"
      type="email"
      value=""
    />
    <button
      onClick={[Function]}
      type="submit"
    >
      Subscribe
    </button>
  </div>
</div>
`;
